Archive member included to satisfy reference by file (symbol)

D:/ruanjiananzhuangwenjian/Arm_GNU_Toolchain/13.2 Rel1/bin/../lib/gcc/arm-none-eabi/13.2.1/thumb/v8-m.main+fp/hard\libg_nano.a(libc_a-exit.o)
                              D:/ruanjiananzhuangwenjian/Arm_GNU_Toolchain/13.2 Rel1/bin/../lib/gcc/arm-none-eabi/13.2.1/thumb/v8-m.main+fp/hard/crt0.o (exit)
D:/ruanjiananzhuangwenjian/Arm_GNU_Toolchain/13.2 Rel1/bin/../lib/gcc/arm-none-eabi/13.2.1/thumb/v8-m.main+fp/hard\libg_nano.a(libc_a-findfp.o)
                              D:/ruanjiananzhuangwenjian/Arm_GNU_Toolchain/13.2 Rel1/bin/../lib/gcc/arm-none-eabi/13.2.1/thumb/v8-m.main+fp/hard\libg_nano.a(libc_a-exit.o) (__stdio_exit_handler)
D:/ruanjiananzhuangwenjian/Arm_GNU_Toolchain/13.2 Rel1/bin/../lib/gcc/arm-none-eabi/13.2.1/thumb/v8-m.main+fp/hard\libg_nano.a(libc_a-fwalk.o)
                              D:/ruanjiananzhuangwenjian/Arm_GNU_Toolchain/13.2 Rel1/bin/../lib/gcc/arm-none-eabi/13.2.1/thumb/v8-m.main+fp/hard\libg_nano.a(libc_a-findfp.o) (_fwalk_sglue)
D:/ruanjiananzhuangwenjian/Arm_GNU_Toolchain/13.2 Rel1/bin/../lib/gcc/arm-none-eabi/13.2.1/thumb/v8-m.main+fp/hard\libg_nano.a(libc_a-stdio.o)
                              D:/ruanjiananzhuangwenjian/Arm_GNU_Toolchain/13.2 Rel1/bin/../lib/gcc/arm-none-eabi/13.2.1/thumb/v8-m.main+fp/hard\libg_nano.a(libc_a-findfp.o) (__sread)
D:/ruanjiananzhuangwenjian/Arm_GNU_Toolchain/13.2 Rel1/bin/../lib/gcc/arm-none-eabi/13.2.1/thumb/v8-m.main+fp/hard\libg_nano.a(libc_a-memset.o)
                              D:/ruanjiananzhuangwenjian/Arm_GNU_Toolchain/13.2 Rel1/bin/../lib/gcc/arm-none-eabi/13.2.1/thumb/v8-m.main+fp/hard/crt0.o (memset)
D:/ruanjiananzhuangwenjian/Arm_GNU_Toolchain/13.2 Rel1/bin/../lib/gcc/arm-none-eabi/13.2.1/thumb/v8-m.main+fp/hard\libg_nano.a(libc_a-closer.o)
                              D:/ruanjiananzhuangwenjian/Arm_GNU_Toolchain/13.2 Rel1/bin/../lib/gcc/arm-none-eabi/13.2.1/thumb/v8-m.main+fp/hard\libg_nano.a(libc_a-stdio.o) (_close_r)
D:/ruanjiananzhuangwenjian/Arm_GNU_Toolchain/13.2 Rel1/bin/../lib/gcc/arm-none-eabi/13.2.1/thumb/v8-m.main+fp/hard\libg_nano.a(libc_a-reent.o)
                              D:/ruanjiananzhuangwenjian/Arm_GNU_Toolchain/13.2 Rel1/bin/../lib/gcc/arm-none-eabi/13.2.1/thumb/v8-m.main+fp/hard\libg_nano.a(libc_a-closer.o) (errno)
D:/ruanjiananzhuangwenjian/Arm_GNU_Toolchain/13.2 Rel1/bin/../lib/gcc/arm-none-eabi/13.2.1/thumb/v8-m.main+fp/hard\libg_nano.a(libc_a-impure.o)
                              D:/ruanjiananzhuangwenjian/Arm_GNU_Toolchain/13.2 Rel1/bin/../lib/gcc/arm-none-eabi/13.2.1/thumb/v8-m.main+fp/hard\libg_nano.a(libc_a-reent.o) (_impure_ptr)
D:/ruanjiananzhuangwenjian/Arm_GNU_Toolchain/13.2 Rel1/bin/../lib/gcc/arm-none-eabi/13.2.1/thumb/v8-m.main+fp/hard\libg_nano.a(libc_a-lseekr.o)
                              D:/ruanjiananzhuangwenjian/Arm_GNU_Toolchain/13.2 Rel1/bin/../lib/gcc/arm-none-eabi/13.2.1/thumb/v8-m.main+fp/hard\libg_nano.a(libc_a-stdio.o) (_lseek_r)
D:/ruanjiananzhuangwenjian/Arm_GNU_Toolchain/13.2 Rel1/bin/../lib/gcc/arm-none-eabi/13.2.1/thumb/v8-m.main+fp/hard\libg_nano.a(libc_a-readr.o)
                              D:/ruanjiananzhuangwenjian/Arm_GNU_Toolchain/13.2 Rel1/bin/../lib/gcc/arm-none-eabi/13.2.1/thumb/v8-m.main+fp/hard\libg_nano.a(libc_a-stdio.o) (_read_r)
D:/ruanjiananzhuangwenjian/Arm_GNU_Toolchain/13.2 Rel1/bin/../lib/gcc/arm-none-eabi/13.2.1/thumb/v8-m.main+fp/hard\libg_nano.a(libc_a-writer.o)
                              D:/ruanjiananzhuangwenjian/Arm_GNU_Toolchain/13.2 Rel1/bin/../lib/gcc/arm-none-eabi/13.2.1/thumb/v8-m.main+fp/hard\libg_nano.a(libc_a-stdio.o) (_write_r)
D:/ruanjiananzhuangwenjian/Arm_GNU_Toolchain/13.2 Rel1/bin/../lib/gcc/arm-none-eabi/13.2.1/thumb/v8-m.main+fp/hard\libg_nano.a(libc_a-errno.o)
                              ./ra/fsp/src/bsp/mcu/all/bsp_sbrk.o (__errno)
D:/ruanjiananzhuangwenjian/Arm_GNU_Toolchain/13.2 Rel1/bin/../lib/gcc/arm-none-eabi/13.2.1/thumb/v8-m.main+fp/hard\libg_nano.a(libc_a-init.o)
                              D:/ruanjiananzhuangwenjian/Arm_GNU_Toolchain/13.2 Rel1/bin/../lib/gcc/arm-none-eabi/13.2.1/thumb/v8-m.main+fp/hard/crt0.o (__libc_init_array)
D:/ruanjiananzhuangwenjian/Arm_GNU_Toolchain/13.2 Rel1/bin/../lib/gcc/arm-none-eabi/13.2.1/thumb/v8-m.main+fp/hard\libg_nano.a(libc_a-lock.o)
                              D:/ruanjiananzhuangwenjian/Arm_GNU_Toolchain/13.2 Rel1/bin/../lib/gcc/arm-none-eabi/13.2.1/thumb/v8-m.main+fp/hard\libg_nano.a(libc_a-findfp.o) (__retarget_lock_init_recursive)
D:/ruanjiananzhuangwenjian/Arm_GNU_Toolchain/13.2 Rel1/bin/../lib/gcc/arm-none-eabi/13.2.1/thumb/v8-m.main+fp/hard\libg_nano.a(libc_a-memcpy-stub.o)
                              ./ra/fsp/src/bsp/cmsis/Device/RENESAS/Source/system.o (memcpy)
D:/ruanjiananzhuangwenjian/Arm_GNU_Toolchain/13.2 Rel1/bin/../lib/gcc/arm-none-eabi/13.2.1/thumb/v8-m.main+fp/hard\libg_nano.a(libc_a-freer.o)
[...]
Memory Configuration

Name             Origin             Length             Attributes
ITCM             0x00000000         0x00000000         xr
DTCM             0x00000000         0x00000000         xrw
FLASH            0x00000000         0x00040000         xr
RAM              0x20000000         0x0000a000         xrw
DATA_FLASH       0x08000000         0x00001000         xr
QSPI_FLASH       0x60000000         0x04000000         xr
OSPI_DEVICE_0    0x80020000         0x00000000         xr
OSPI_DEVICE_1    0x80030000         0x00000000         xr
OSPI_DEVICE_0_RAM 0x80020000         0x00000000         xrw
OSPI_DEVICE_1_RAM 0x80030000         0x00000000         xrw
SDRAM            0x80010000         0x00000000         xrw
OPTION_SETTING   0x0100a100         0x00000100         r
OPTION_SETTING_OFS 0x0100a100         0x00000018         r
OPTION_SETTING_SAS 0x0100a134         0x000000cc         r
OPTION_SETTING_S 0x0100a200         0x00000100         r
ID_CODE          0x0100a120         0x00000010         xr
*default*        0x00000000         0xffffffff

Linker script and memory map

LOAD D:/ruanjiananzhuangwenjian/Arm_GNU_Toolchain/13.2 Rel1/bin/../lib/gcc/arm-none-eabi/13.2.1/thumb/v8-m.main+fp/hard/crti.o
LOAD D:/ruanjiananzhuangwenjian/Arm_GNU_Toolchain/13.2 Rel1/bin/../lib/gcc/arm-none-eabi/13.2.1/thumb/v8-m.main+fp/hard/crtbegin.o
LOAD D:/ruanjiananzhuangwenjian/Arm_GNU_Toolchain/13.2 Rel1/bin/../lib/gcc/arm-none-eabi/13.2.1/thumb/v8-m.main+fp/hard/crt0.o
START GROUP
LOAD ./src/App/App.o
LOAD ./src/hal_entry.o
LOAD ./ra_gen/common_data.o
LOAD ./ra_gen/hal_data.o
LOAD ./ra_gen/main.o
LOAD ./ra_gen/pin_data.o
LOAD ./ra_gen/vector_data.o
LOAD ./ra/fsp/src/r_ioport/r_ioport.o
LOAD ./ra/fsp/src/bsp/mcu/all/bsp_clocks.o
LOAD ./ra/fsp/src/bsp/mcu/all/bsp_common.o
LOAD ./ra/fsp/src/bsp/mcu/all/bsp_delay.o
LOAD ./ra/fsp/src/bsp/mcu/all/bsp_group_irq.o
LOAD ./ra/fsp/src/bsp/mcu/all/bsp_guard.o
LOAD ./ra/fsp/src/bsp/mcu/all/bsp_io.o
LOAD ./ra/fsp/src/bsp/mcu/all/bsp_irq.o
LOAD ./ra/fsp/src/bsp/mcu/all/bsp_macl.o
LOAD ./ra/fsp/src/bsp/mcu/all/bsp_register_protection.o
LOAD ./ra/fsp/src/bsp/mcu/all/bsp_rom_registers.o
LOAD ./ra/fsp/src/bsp/mcu/all/bsp_sbrk.o
LOAD ./ra/fsp/src/bsp/mcu/all/bsp_sdram.o
LOAD ./ra/fsp/src/bsp/mcu/all/bsp_security.o
LOAD ./ra/fsp/src/bsp/cmsis/Device/RENESAS/Source/startup.o
LOAD ./ra/fsp/src/bsp/cmsis/Device/RENESAS/Source/system.o
END GROUP
START GROUP
LOAD D:/ruanjiananzhuangwenjian/Arm_GNU_Toolchain/13.2 Rel1/bin/../lib/gcc/arm-none-eabi/13.2.1/thumb/v8-m.main+fp/hard\libgcc.a
LOAD D:/ruanjiananzhuangwenjian/Arm_GNU_Toolchain/13.2 Rel1/bin/../lib/gcc/arm-none-eabi/13.2.1/thumb/v8-m.main+fp/hard\libg_nano.a
LOAD D:/ruanjiananzhuangwenjian/Arm_GNU_Toolchain/13.2 Rel1/bin/../lib/gcc/arm-none-eabi/13.2.1/thumb/v8-m.main+fp/hard\libc_nano.a
END GROUP
START GROUP
LOAD D:/ruanjiananzhuangwenjian/Arm_GNU_Toolchain/13.2 Rel1/bin/../lib/gcc/arm-none-eabi/13.2.1/thumb/v8-m.main+fp/hard\libgcc.a
LOAD D:/ruanjiananzhuangwenjian/Arm_GNU_Toolchain/13.2 Rel1/bin/../lib/gcc/arm-none-eabi/13.2.1/thumb/v8-m.main+fp/hard\libc_nano.a
END GROUP
LOAD D:/ruanjiananzhuangwenjian/Arm_GNU_Toolchain/13.2 Rel1/bin/../lib/gcc/arm-none-eabi/13.2.1/thumb/v8-m.main+fp/hard/crtend.o
LOAD D:/ruanjiananzhuangwenjian/Arm_GNU_Toolchain/13.2 Rel1/bin/../lib/gcc/arm-none-eabi/13.2.1/thumb/v8-m.main+fp/hard/crtn.o
                0x20000000                        RAM_START = 0x20000000
                0x0000a000                        RAM_LENGTH = 0xa000
                0x00000000                        FLASH_START = 0x0
                0x00040000                        FLASH_LENGTH = 0x40000
                0x08000000                        DATA_FLASH_START = 0x8000000
                0x00001000                        DATA_FLASH_LENGTH = 0x1000
                0x0100a100                        OPTION_SETTING_START = 0x100a100
                0x00000100                        OPTION_SETTING_LENGTH = 0x100
                0x0100a200                        OPTION_SETTING_S_START = 0x100a200
                0x00000100                        OPTION_SETTING_S_LENGTH = 0x100
                0x0100a120                        ID_CODE_START = 0x100a120
                0x00000010                        ID_CODE_LENGTH = 0x10
                0x80010000                        SDRAM_START = 0x80010000
                0x00000000                        SDRAM_LENGTH = 0x0
                0x60000000                        QSPI_FLASH_START = 0x60000000
                0x04000000                        QSPI_FLASH_LENGTH = 0x4000000
                0x80020000                        OSPI_DEVICE_0_START = 0x80020000
                0x00000000                        OSPI_DEVICE_0_LENGTH = 0x0
                0x80030000                        OSPI_DEVICE_1_START = 0x80030000
                0x00000000                        OSPI_DEVICE_1_LENGTH = 0x0
                0x04000000                        QSPI_FLASH_PRV_LENGTH = DEFINED (QSPI_FLASH_SIZE)?ABSOLUTE (QSPI_FLASH_SIZE):ABSOLUTE (QSPI_FLASH_LENGTH)
                0x00000000                        OSPI_DEVICE_0_PRV_LENGTH = DEFINED (OSPI_DEVICE_0_SIZE)?ABSOLUTE (OSPI_DEVICE_0_SIZE):ABSOLUTE (OSPI_DEVICE_0_LENGTH)
                0x00000000                        OSPI_DEVICE_1_PRV_LENGTH = DEFINED (OSPI_DEVICE_1_SIZE)?ABSOLUTE (OSPI_DEVICE_1_SIZE):ABSOLUTE (OSPI_DEVICE_1_LENGTH)
                0x00000000                        __RESERVE_NS_RAM = ((! (DEFINED (PROJECT_NONSECURE)) && DEFINED (RAM_NS_BUFFER_LENGTH)) && (OPTION_SETTING_S_LENGTH != 0x0))
                0x00000000                        ITCM_START = DEFINED (ITCM_START)?ITCM_START:0x0
                0x00000000                        ITCM_LENGTH = DEFINED (ITCM_LENGTH)?ITCM_LENGTH:0x0
                0x00000000                        DTCM_START = DEFINED (DTCM_START)?DTCM_START:0x0
                0x00000000                        DTCM_LENGTH = DEFINED (DTCM_LENGTH)?DTCM_LENGTH:0x0
                0x00000000                        RAM_NS_BUFFER_BLOCK_LENGTH = DEFINED (RAM_NS_BUFFER_LENGTH)?ALIGN (RAM_NS_BUFFER_LENGTH, 0x2000):0x0
                0x00000000                        RAM_NS_BUFFER_LENGTH = DEFINED (RAM_NS_BUFFER_LENGTH)?RAM_NS_BUFFER_LENGTH:0x0
                0x2000a000                        RAM_NS_BUFFER_START = ((RAM_START + RAM_LENGTH) - RAM_NS_BUFFER_LENGTH)
                0x2000a000                        RAM_NS_BUFFER_BLOCK_START = ((RAM_START + RAM_LENGTH) - RAM_NS_BUFFER_BLOCK_LENGTH)
                0x0100a180                        OPTION_SETTING_START_NS = DEFINED (PROJECT_NONSECURE)?OPTION_SETTING_START:(OPTION_SETTING_START + 0x80)
                0x00000001                        __bl_FSP_BOOTABLE_IMAGE = 0x1
                0x00000001                        __bln_FSP_BOOTABLE_IMAGE = 0x1
                0x00000001                        PROJECT_SECURE_OR_FLAT = (((! (DEFINED (PROJECT_NONSECURE)) || DEFINED (PROJECT_SECURE)) && OPTION_SETTING_LENGTH) && ! (DEFINED (FSP_BOOTABLE_IMAGE)))
                0x00000000                        USE_OPTION_SETTING_NS = (DEFINED (PROJECT_NONSECURE) && ! (DEFINED (FSP_BOOTABLE_IMAGE)))
                0x00000000                        __bl_FLASH_IMAGE_START = ! (DEFINED (FLASH_BOOTLOADER_LENGTH))?0x0:(FLASH_APPLICATION_IMAGE_NUMBER == 0x1)?((FLASH_START + FLASH_BOOTLOADER_LENGTH) + FLASH_BOOTLOADER_HEADER_LENGTH):(DEFINED (BOOTLOADER_SECONDARY_USE_QSPI) || DEFINED (BOOTLOADER_SECONDARY_USE_OSPI_B))?(((FLASH_START + FLASH_BOOTLOADER_LENGTH) + FLASH_BOOTLOADER_SCRATCH_LENGTH) + FLASH_BOOTLOADER_HEADER_LENGTH):((((FLASH_START + FLASH_BOOTLOADER_LENGTH) + FLASH_BOOTLOADER_SCRATCH_LENGTH) + FLASH_APPLICATION_S_LENGTH) + FLASH_BOOTLOADER_HEADER_LENGTH)
                0x00000000                        __bl_FLASH_IMAGE_LENGTH = ! (DEFINED (FLASH_BOOTLOADER_LENGTH))?0x0:(FLASH_APPLICATION_S_LENGTH - FLASH_BOOTLOADER_HEADER_LENGTH)
                0x00000000                        __bl_FLASH_IMAGE_END = (__bl_FLASH_IMAGE_START + __bl_FLASH_IMAGE_LENGTH)
                0x00000000                        __bl_XIP_SECONDARY_FLASH_IMAGE_START = ! (DEFINED (FLASH_BOOTLOADER_LENGTH))?0x0:(((FLASH_START + FLASH_BOOTLOADER_LENGTH) + FLASH_APPLICATION_S_LENGTH) + FLASH_BOOTLOADER_HEADER_LENGTH)
                0x00000000                        __bl_XIP_SECONDARY_FLASH_IMAGE_END = (__bl_XIP_SECONDARY_FLASH_IMAGE_START + __bl_FLASH_IMAGE_LENGTH)
                0x00000000                        __bl_FLASH_IMAGE_START_FROM_MMF_REGION = DEFINED (BOOT_IMAGE_FROM_MMF_REGION)?BOOT_IMAGE_FROM_MMF_REGION:0x0
                0x00000000                        __bl_MEMORY_MIRROR_REGION_START = DEFINED (MMF_REGION_START_ADDR)?MMF_REGION_START_ADDR:0x0
                0x00000000                        __bl_FLASH_NS_START = ! (DEFINED (FLASH_BOOTLOADER_LENGTH))?0x0:(FLASH_APPLICATION_NS_LENGTH == 0x0)?__bl_FLASH_IMAGE_END:((__bl_FLASH_IMAGE_START - FLASH_BOOTLOADER_HEADER_LENGTH) + FLASH_APPLICATION_S_LENGTH)
                0x00000000                        __bl_FLASH_NSC_START = ! (DEFINED (FLASH_BOOTLOADER_LENGTH))?0x0:(FLASH_APPLICATION_NS_LENGTH == 0x0)?__bl_FLASH_IMAGE_END:(__bl_FLASH_IMAGE_END - FLASH_APPLICATION_NSC_LENGTH)
                0x00000000                        __bl_RAM_NS_START = ! (DEFINED (FLASH_BOOTLOADER_LENGTH))?0x0:(FLASH_APPLICATION_NS_LENGTH == 0x0)?(RAM_START + RAM_LENGTH):((RAM_START + RAM_LENGTH) - RAM_APPLICATION_NS_LENGTH)
                0x00000000                        __bl_RAM_NSC_START = ! (DEFINED (FLASH_BOOTLOADER_LENGTH))?0x0:(FLASH_APPLICATION_NS_LENGTH == 0x0)?(RAM_START + RAM_LENGTH):(__bl_RAM_NS_START - RAM_APPLICATION_NSC_LENGTH)
                0x00000000                        __bl_FLASH_NS_IMAGE_START = ! (DEFINED (FLASH_BOOTLOADER_LENGTH))?0x0:(FLASH_APPLICATION_NS_LENGTH == 0x0)?__bl_FLASH_IMAGE_END:(__bl_FLASH_NS_START + FLASH_BOOTLOADER_HEADER_LENGTH_2)
                0x00000000                        __bln_FLASH_IMAGE_START = (__bl_FLASH_NS_IMAGE_START | ! (DEFINED (NS_OFFSET_START))?0x0:NS_OFFSET_START)
                0x00000000                        __bln_FLASH_IMAGE_LENGTH = ! (DEFINED (FLASH_BOOTLOADER_LENGTH))?0x0:(FLASH_APPLICATION_NS_LENGTH == 0x0)?__bl_FLASH_IMAGE_END:(FLASH_APPLICATION_NS_LENGTH - FLASH_BOOTLOADER_HEADER_LENGTH_2)
                0x00000000                        XIP_SECONDARY_SLOT_IMAGE = DEFINED (XIP_SECONDARY_SLOT_IMAGE)?XIP_SECONDARY_SLOT_IMAGE:0x0
                0x00000000                        FLASH_IMAGE_START_FROM_MMF_REGION = ! (DEFINED (FLASH_IMAGE_START_FROM_MMF_REGION))?0x0:FLASH_IMAGE_START_FROM_MMF_REGION
                0x00000000                        MEMORY_MIRROR_REGION_START = ! (DEFINED (MEMORY_MIRROR_REGION_START))?0x0:MEMORY_MIRROR_REGION_START
                0x00000000                        FLASH_ORIGIN = ! (DEFINED (FLASH_IMAGE_START))?FLASH_START:(XIP_SECONDARY_SLOT_IMAGE == 0x1)?XIP_SECONDARY_FLASH_IMAGE_START:(FLASH_IMAGE_START_FROM_MMF_REGION == 0x1)?MEMORY_MIRROR_REGION_START:FLASH_IMAGE_START
                0x00040000                        LIMITED_FLASH_LENGTH = DEFINED (FLASH_IMAGE_LENGTH)?FLASH_IMAGE_LENGTH:DEFINED (FLASH_BOOTLOADER_LENGTH)?FLASH_BOOTLOADER_LENGTH:FLASH_LENGTH
                0x00000034                        OPTION_SETTING_SAS_SIZE = 0x34
                0x000000cc                        OPTION_SETTING_SAS_LENGTH = ! (DEFINED (OPTION_SETTING_LENGTH))?0x0:(OPTION_SETTING_LENGTH == 0x0)?0x0:(OPTION_SETTING_LENGTH - OPTION_SETTING_SAS_SIZE)
START GROUP
LOAD D:/ruanjiananzhuangwenjian/Arm_GNU_Toolchain/13.2 Rel1/bin/../lib/gcc/arm-none-eabi/13.2.1/thumb/v8-m.main+fp/hard\libgcc.a
LOAD D:/ruanjiananzhuangwenjian/Arm_GNU_Toolchain/13.2 Rel1/bin/../lib/gcc/arm-none-eabi/13.2.1/thumb/v8-m.main+fp/hard\libc.a
LOAD D:/ruanjiananzhuangwenjian/Arm_GNU_Toolchain/13.2 Rel1/bin/../lib/gcc/arm-none-eabi/13.2.1/thumb/v8-m.main+fp/hard\libm.a
END GROUP

.text           0x00000000      0x8f8
                0x00000000                        __tz_FLASH_S = ABSOLUTE (FLASH_START)
                0x00000000                        __ROM_Start = .
 *(.fixed_vectors*)
 .fixed_vectors
                0x00000000       0x40 ./ra/fsp/src/bsp/cmsis/Device/RENESAS/Source/startup.o
                0x00000000                __Vectors
 *(.application_vectors*)
                0x00000040                        __Vectors_End = .
 *(.flash_gap*)
                0x00000040                        . = (OPTION_SETTING_LENGTH > 0x0)?.:(__ROM_Start + 0x400)
 *(.rom_registers*)
 *(.mcuboot_sce9_key*)
 *(.text*)
 .text.deregister_tm_clones
                0x00000040       0x1c D:/ruanjiananzhuangwenjian/Arm_GNU_Toolchain/13.2 Rel1/bin/../lib/gcc/arm-none-eabi/13.2.1/thumb/v8-m.main+fp/hard/crtbegin.o
 .text.register_tm_clones
                0x0000005c       0x28 D:/ruanjiananzhuangwenjian/Arm_GNU_Toolchain/13.2 Rel1/bin/../lib/gcc/arm-none-eabi/13.2.1/thumb/v8-m.main+fp/hard/crtbegin.o
 .text.__do_global_dtors_aux
                0x00000084       0x28 D:/ruanjiananzhuangwenjian/Arm_GNU_Toolchain/13.2 Rel1/bin/../lib/gcc/arm-none-eabi/13.2.1/thumb/v8-m.main+fp/hard/crtbegin.o
 .text.frame_dummy
                0x000000ac       0x24 D:/ruanjiananzhuangwenjian/Arm_GNU_Toolchain/13.2 Rel1/bin/../lib/gcc/arm-none-eabi/13.2.1/thumb/v8-m.main+fp/hard/crtbegin.o
 .text.Run      0x000000d0       0x38 ./src/App/App.o
                0x000000d0                Run
 .text.hal_entry
                0x00000108        0x4 ./src/hal_entry.o
                0x00000108                hal_entry
 .text.R_BSP_WarmStart
                0x0000010c       0x18 ./src/hal_entry.o
                0x0000010c                R_BSP_WarmStart
 .text.startup.main
                0x00000124        0xc ./ra_gen/main.o
                0x00000124                main
 .text.R_IOPORT_PinWrite
                0x00000130       0x20 ./ra/fsp/src/r_ioport/r_ioport.o
                0x00000130                R_IOPORT_PinWrite
 .text.bsp_vbatt_init
                0x00000150       0x8c ./ra/fsp/src/r_ioport/r_ioport.o
 .text.r_ioport_pins_config
                0x000001dc       0xac ./ra/fsp/src/r_ioport/r_ioport.o
 .text.R_IOPORT_Open
                0x00000288       0x14 ./ra/fsp/src/r_ioport/r_ioport.o
                0x00000288                R_IOPORT_Open
 .text.SystemCoreClockUpdate
                0x0000029c       0x28 ./ra/fsp/src/bsp/mcu/all/bsp_clocks.o
                0x0000029c                SystemCoreClockUpdate
 .text.R_BSP_SubClockStabilizeWaitAfterReset
                0x000002c4        0x4 ./ra/fsp/src/bsp/mcu/all/bsp_clocks.o
                0x000002c4                R_BSP_SubClockStabilizeWaitAfterReset
 .text.bsp_clock_init
                0x000002c8      0x13c ./ra/fsp/src/bsp/mcu/all/bsp_clocks.o
                0x000002c8                bsp_clock_init
 .text.R_BSP_Init_RTC
                0x00000404       0x7c ./ra/fsp/src/bsp/mcu/all/bsp_clocks.o
                0x00000404                R_BSP_Init_RTC
 .text.bsp_init_internal
                0x00000480        0x4 ./ra/fsp/src/bsp/mcu/all/bsp_common.o
                0x00000480                bsp_init_internal
                0x00000480                bsp_init
 .text.bsp_prv_software_delay_loop
                0x00000484        0xc ./ra/fsp/src/bsp/mcu/all/bsp_delay.o
                0x00000484                bsp_prv_software_delay_loop
 .text.R_BSP_SoftwareDelay
                0x00000490       0x58 ./ra/fsp/src/bsp/mcu/all/bsp_delay.o
                0x00000490                R_BSP_SoftwareDelay
 .text.NMI_Handler
                0x000004e8       0x3c ./ra/fsp/src/bsp/mcu/all/bsp_group_irq.o
                0x000004e8                NMI_Handler
 .text.bsp_irq_cfg
                0x00000524       0xa4 ./ra/fsp/src/bsp/mcu/all/bsp_irq.o
                0x00000524                bsp_irq_cfg
 .text.R_BSP_RegisterProtectEnable
                0x000005c8       0x60 ./ra/fsp/src/bsp/mcu/all/bsp_register_protection.o
                0x000005c8                R_BSP_RegisterProtectEnable
 .text.R_BSP_RegisterProtectDisable
                0x00000628       0x54 ./ra/fsp/src/bsp/mcu/all/bsp_register_protection.o
                0x00000628                R_BSP_RegisterProtectDisable
 .text.Default_Handler
                0x0000067c        0x4 ./ra/fsp/src/bsp/cmsis/Device/RENESAS/Source/startup.o
                0x0000067c                DebugMon_Handler
                0x0000067c                HardFault_Handler
                0x0000067c                SysTick_Handler
                0x0000067c                PendSV_Handler
                0x0000067c                UsageFault_Handler
                0x0000067c                SecureFault_Handler
                0x0000067c                Default_Handler
                0x0000067c                MemManage_Handler
                0x0000067c                SVC_Handler
                0x0000067c                BusFault_Handler
 .text.Reset_Handler
                0x00000680        0xc ./ra/fsp/src/bsp/cmsis/Device/RENESAS/Source/startup.o
                0x00000680                Reset_Handler
 .text.SystemInit
                0x0000068c       0xe0 ./ra/fsp/src/bsp/cmsis/Device/RENESAS/Source/system.o
                0x0000068c                SystemInit
 .text.memset   0x0000076c       0x10 D:/ruanjiananzhuangwenjian/Arm_GNU_Toolchain/13.2 Rel1/bin/../lib/gcc/arm-none-eabi/13.2.1/thumb/v8-m.main+fp/hard\libg_nano.a(libc_a-memset.o)
                0x0000076c                memset
 .text.memcpy   0x0000077c       0x1a D:/ruanjiananzhuangwenjian/Arm_GNU_Toolchain/13.2 Rel1/bin/../lib/gcc/arm-none-eabi/13.2.1/thumb/v8-m.main+fp/hard\libg_nano.a(libc_a-memcpy-stub.o)
                0x0000077c                memcpy
 *(.version)
 *fill*         0x00000796        0x2 ff
 .version       0x00000798       0x50 ./ra/fsp/src/bsp/mcu/all/bsp_common.o
 *(.init)
 .init          0x000007e8        0x4 D:/ruanjiananzhuangwenjian/Arm_GNU_Toolchain/13.2 Rel1/bin/../lib/gcc/arm-none-eabi/13.2.1/thumb/v8-m.main+fp/hard/crti.o
                0x000007e8                _init
 .init          0x000007ec        0x8 D:/ruanjiananzhuangwenjian/Arm_GNU_Toolchain/13.2 Rel1/bin/../lib/gcc/arm-none-eabi/13.2.1/thumb/v8-m.main+fp/hard/crtn.o
 *(.fini)
 .fini          0x000007f4        0x4 D:/ruanjiananzhuangwenjian/Arm_GNU_Toolchain/13.2 Rel1/bin/../lib/gcc/arm-none-eabi/13.2.1/thumb/v8-m.main+fp/hard/crti.o
                0x000007f4                _fini
 .fini          0x000007f8        0x8 D:/ruanjiananzhuangwenjian/Arm_GNU_Toolchain/13.2 Rel1/bin/../lib/gcc/arm-none-eabi/13.2.1/thumb/v8-m.main+fp/hard/crtn.o
 *crtbegin.o(.ctors)
 *crtbegin?.o(.ctors)
 *(EXCLUDE_FILE(*crtend.o *crtend?.o) .ctors)
 *(SORT_BY_NAME(.ctors.*))
 *(.ctors)
 *crtbegin.o(.dtors)
 *crtbegin?.o(.dtors)
 *(EXCLUDE_FILE(*crtend.o *crtend?.o) .dtors)
 *(SORT_BY_NAME(.dtors.*))
 *(.dtors)
 *(.rodata*)
 .rodata.g_bsp_pin_cfg
                0x00000800        0xc ./ra_gen/pin_data.o
                0x00000800                g_bsp_pin_cfg
 .rodata.g_bsp_pin_cfg_data
                0x0000080c       0x18 ./ra_gen/pin_data.o
                0x0000080c                g_bsp_pin_cfg_data
 .rodata.g_vbatt_pins_input
                0x00000824        0x6 ./ra/fsp/src/r_ioport/r_ioport.o
 *fill*         0x0000082a        0x2 ff
 .rodata.g_interrupt_event_link_select
                0x0000082c       0xc0 ./ra/fsp/src/bsp/mcu/all/bsp_irq.o
                0x0000082c                g_interrupt_event_link_select
 .rodata.g_prcr_masks
                0x000008ec        0x8 ./ra/fsp/src/bsp/mcu/all/bsp_register_protection.o
                0x000008f4                        __usb_dev_descriptor_start_fs = .
 *(.usb_device_desc_fs*)
                0x000008f4                        __usb_cfg_descriptor_start_fs = .
 *(.usb_config_desc_fs*)
                0x000008f4                        __usb_interface_descriptor_start_fs = .
 *(.usb_interface_desc_fs*)
                0x000008f4                        __usb_descriptor_end_fs = .
                0x000008f4                        __usb_dev_descriptor_start_hs = .
 *(.usb_device_desc_hs*)
                0x000008f4                        __usb_cfg_descriptor_start_hs = .
 *(.usb_config_desc_hs*)
                0x000008f4                        __usb_interface_descriptor_start_hs = .
 *(.usb_interface_desc_hs*)
                0x000008f4                        __usb_descriptor_end_hs = .
 *(.eh_frame*)
 .eh_frame      0x000008f4        0x0 D:/ruanjiananzhuangwenjian/Arm_GNU_Toolchain/13.2 Rel1/bin/../lib/gcc/arm-none-eabi/13.2.1/thumb/v8-m.main+fp/hard/crtbegin.o
 .eh_frame      0x000008f4        0x4 D:/ruanjiananzhuangwenjian/Arm_GNU_Toolchain/13.2 Rel1/bin/../lib/gcc/arm-none-eabi/13.2.1/thumb/v8-m.main+fp/hard/crtend.o
                0x000008f8                        __ROM_End = .
                0x00000040                        __Vectors_Size = (__Vectors_End - __Vectors)

.glue_7         0x000008f8        0x0
 .glue_7        0x000008f8        0x0 linker stubs

.glue_7t        0x000008f8        0x0
 .glue_7t       0x000008f8        0x0 linker stubs

.vfp11_veneer   0x000008f8        0x0
 .vfp11_veneer  0x000008f8        0x0 linker stubs

.v4_bx          0x000008f8        0x0
 .v4_bx         0x000008f8        0x0 linker stubs

.iplt           0x000008f8        0x0
 .iplt          0x000008f8        0x0 D:/ruanjiananzhuangwenjian/Arm_GNU_Toolchain/13.2 Rel1/bin/../lib/gcc/arm-none-eabi/13.2.1/thumb/v8-m.main+fp/hard/crtbegin.o
                0x000008f8                        . = .
                0x000008f8                        __itcm_data_pre_location = .

.itcm_data      0x00000000        0x0 load address 0x00000900
                0x00000000                        __tz_ITCM_S = ABSOLUTE (ITCM_START)
                0x00000000                        __itcm_data_start = .
 *(.itcm_data*)
                0x00000000                        . = ALIGN (0x8)
                0x00000000                        __itcm_data_end = .
                0x00000000                        __tz_ITCM_N = DEFINED (ITCM_NS_START)?ABSOLUTE (ITCM_NS_START):ALIGN (__itcm_data_end, 0x2000)
                0x00000900                        __itcm_data_init_start = LOADADDR (.itcm_data)
                0x00000900                        __itcm_data_init_end = (LOADADDR (.itcm_data) + SIZEOF (.itcm_data))
                0x00000001                        ASSERT (((ORIGIN (ITCM) % 0x8) == 0x0), ITCM memory region origin must be aligned to 8 bytes.)
                0x00000001                        ASSERT (((LENGTH (ITCM) % 0x8) == 0x0), ITCM memory region length must be a multiple of 8 bytes.)
                0x00000001                        ASSERT (((LOADADDR (.itcm_data) % 0x10) == 0x0), .itcm_data section must be aligned to 16 bytes.)
                0x00000001                        ASSERT (((SIZEOF (.itcm_data) % 0x8) == 0x0), .itcm_data section size must be a multiple of 8 bytes.)
                0x000008f8                        . = (SIZEOF (.itcm_data) > 0x0)?__itcm_data_init_end:__itcm_data_pre_location
                0x000008f8                        __exidx_start = .

/DISCARD/
 *(.ARM.extab* .gnu.linkonce.armextab.*)
 *(.ARM.exidx* .gnu.linkonce.armexidx.*)
                0x000008f8                        __exidx_end = .
                0x000008f8                        __etext = .
                0x20000000                        __tz_RAM_S = ORIGIN (RAM)

.fsp_dtc_vector_table
                0x20000000        0x0
                0x20000000                        . = ORIGIN (RAM)
 *(.fsp_dtc_vector_table)

.data           0x20000000        0x8 load address 0x000008f8
                0x20000000                        __data_start__ = .
                0x20000000                        . = ALIGN (0x4)
                0x20000000                        __Code_In_RAM_Start = .
 *(.code_in_ram*)
                0x20000000                        __Code_In_RAM_End = .
 *(vtable)
 *(.data.*)
 *(.data)
                0x20000000                        . = ALIGN (0x4)
                0x20000000                        PROVIDE (__preinit_array_start = .)
 *(.preinit_array)
                0x20000000                        PROVIDE (__preinit_array_end = .)
                0x20000000                        . = ALIGN (0x4)
                0x20000000                        PROVIDE (__init_array_start = .)
 *(SORT_BY_NAME(.init_array.*))
 *(.init_array)
 .init_array    0x20000000        0x4 D:/ruanjiananzhuangwenjian/Arm_GNU_Toolchain/13.2 Rel1/bin/../lib/gcc/arm-none-eabi/13.2.1/thumb/v8-m.main+fp/hard/crtbegin.o
                0x20000004                        PROVIDE (__init_array_end = .)
                0x20000004                        . = ALIGN (0x4)
                [!provide]                        PROVIDE (__fini_array_start = .)
 *(SORT_BY_NAME(.fini_array.*))
 *(.fini_array)
 .fini_array    0x20000004        0x4 D:/ruanjiananzhuangwenjian/Arm_GNU_Toolchain/13.2 Rel1/bin/../lib/gcc/arm-none-eabi/13.2.1/thumb/v8-m.main+fp/hard/crtbegin.o
                [!provide]                        PROVIDE (__fini_array_end = .)
 *(.jcr*)
                0x20000008                        . = ALIGN (0x4)
                0x20000008                        __data_end__ = .

.tm_clone_table
                0x20000008        0x0 load address 0x00000900
 .tm_clone_table
                0x20000008        0x0 D:/ruanjiananzhuangwenjian/Arm_GNU_Toolchain/13.2 Rel1/bin/../lib/gcc/arm-none-eabi/13.2.1/thumb/v8-m.main+fp/hard/crtbegin.o
 .tm_clone_table
                0x20000008        0x0 D:/ruanjiananzhuangwenjian/Arm_GNU_Toolchain/13.2 Rel1/bin/../lib/gcc/arm-none-eabi/13.2.1/thumb/v8-m.main+fp/hard/crtend.o

.igot.plt       0x20000008        0x0 load address 0x00000900
 .igot.plt      0x20000008        0x0 D:/ruanjiananzhuangwenjian/Arm_GNU_Toolchain/13.2 Rel1/bin/../lib/gcc/arm-none-eabi/13.2.1/thumb/v8-m.main+fp/hard/crtbegin.o
                0x20000008                        . = .
                0x00000900                        __dtcm_data_pre_location = (LOADADDR (.data) + SIZEOF (.data))

.dtcm_data      0x00000000        0x0 load address 0x00000900
                0x00000000                        __tz_DTCM_S = ABSOLUTE (DTCM_START)
                0x00000000                        __dtcm_data_start = .
 *(.dtcm_data*)
                0x00000000                        . = ALIGN (0x8)
                0x00000000                        __dtcm_data_end = .
                0x00000000                        . = __dtcm_data_end

.dtcm_bss       0x00000000        0x0
                0x00000000                        __dtcm_bss_start = .
 *(.dtcm_bss*)
                0x00000000                        . = ALIGN (0x8)
                0x00000000                        __dtcm_bss_end = .
                0x00000000                        __tz_DTCM_N = DEFINED (DTCM_NS_START)?ABSOLUTE (DTCM_NS_START):ALIGN (__dtcm_bss_end, 0x2000)
                0x00000900                        __dtcm_data_init_start = LOADADDR (.dtcm_data)
                0x00000900                        __dtcm_data_init_end = (LOADADDR (.dtcm_data) + SIZEOF (.dtcm_data))
                0x00000001                        ASSERT (((ORIGIN (DTCM) % 0x8) == 0x0), DTCM memory region origin must be aligned to 8 bytes.)
                0x00000001                        ASSERT (((LENGTH (DTCM) % 0x8) == 0x0), DTCM memory region length must be a multiple of 8 bytes.)
                0x00000001                        ASSERT ((LOADADDR (.dtcm_bss) == ADDR (.dtcm_bss)), .dtcm_bss has (VMA != LMA) but should be NOLOAD (VMA == LMA).)
                0x00000001                        ASSERT (((LOADADDR (.dtcm_data) % 0x10) == 0x0), .dtcm_data section must be aligned to 16 bytes.)
                0x00000001                        ASSERT (((SIZEOF (.dtcm_data) % 0x8) == 0x0), .dtcm_data section size must be a multiple of 8 bytes.)
                0x00000001                        ASSERT (((LOADADDR (.dtcm_bss) % 0x8) == 0x0), .dtcm_bss section must be aligned to 8 bytes.)
                0x00000001                        ASSERT (((SIZEOF (.dtcm_bss) % 0x8) == 0x0), .dtcm_bss section size must be a multiple of 8 bytes.)
                0x00000001                        ASSERT ((__dtcm_bss_start == __dtcm_data_end), .dtcm_bss section is not adjacent to .dtcm_data section.)
                0x00000900                        . = (SIZEOF (.dtcm_data) > 0x0)?__dtcm_data_init_end:__dtcm_data_pre_location
                0x00000900                        sgstubs_pre_location = .
                0x00000c00                        SGSTUBS_LOC = (DEFINED (PROJECT_SECURE) && DEFINED (FLASH_NSC_START))?ABSOLUTE (FLASH_NSC_START):ALIGN (0x400)

.gnu.sgstubs    0x00000c00        0x0
                0x00000c00                        __tz_FLASH_C = DEFINED (FLASH_NSC_START)?ABSOLUTE (FLASH_NSC_START):__RESERVE_NS_RAM?ABSOLUTE ((FLASH_START + FLASH_LENGTH)):ALIGN (0x400)
                0x00000c00                        _start_sg = .
 *(.gnu.sgstubs*)
                0x00000c00                        . = ALIGN (0x20)
                0x00000c00                        _end_sg = .
                0x00008000                        __tz_FLASH_N = DEFINED (FLASH_NS_START)?ABSOLUTE (FLASH_NS_START):__RESERVE_NS_RAM?ABSOLUTE ((FLASH_START + FLASH_LENGTH)):(FLASH_LENGTH < 0x8000)?FLASH_LENGTH:ALIGN (0x8000)
                0x00008000                        FLASH_NS_IMAGE_START = DEFINED (FLASH_NS_IMAGE_START)?FLASH_NS_IMAGE_START:__tz_FLASH_N
                0x60000000                        __tz_QSPI_FLASH_S = ORIGIN (QSPI_FLASH)

.qspi_flash     0x60000000        0x0
                0x60000000                        __qspi_flash_start__ = .
 *(.qspi_flash*)
 *(.code_in_qspi*)
                0x60000000                        __qspi_flash_end__ = .
                0x00000000                        __qspi_flash_code_size__ = (__qspi_flash_end__ - __qspi_flash_start__)
                0x00000900                        __qspi_flash_code_addr__ = sgstubs_pre_location

.qspi_non_retentive
                0x60000000        0x0 load address 0x00000900
                0x60000000                        __qspi_non_retentive_start__ = .
 *(.qspi_non_retentive*)
                0x60000000                        __qspi_non_retentive_end__ = .
                0x00000000                        __qspi_non_retentive_size__ = (__qspi_non_retentive_end__ - __qspi_non_retentive_start__)
                0x04000000                        __qspi_region_max_size__ = 0x4000000
                0x60000000                        __qspi_region_start_address__ = __qspi_flash_start__
                0x64000000                        __qspi_region_end_address__ = (__qspi_flash_start__ + __qspi_region_max_size__)
                0x60000000                        __tz_QSPI_FLASH_N = __qspi_non_retentive_end__

.OSPI_DEVICE_0_NO_LOAD
                0x80020000        0x0
                0x80020000                        . = ALIGN (0x4)
                0x80020000                        __ospi_device_0_start__ = .
 *(.ospi_device_0_no_load*)
                0x80020000                        . = ALIGN (0x4)
                0x80020000                        __ospi_device_0_end__ = .

.OSPI_DEVICE_1_NO_LOAD
                0x80030000        0x0
                0x80030000                        . = ALIGN (0x4)
                0x80030000                        __ospi_device_1_start__ = .
 *(.ospi_device_1_no_load*)
                0x80030000                        . = ALIGN (0x4)
                0x80030000                        __ospi_device_1_end__ = .
                0x80020000                        __tz_OSPI_DEVICE_0_S = ORIGIN (OSPI_DEVICE_0)

.OSPI_DEVICE_0  0x80020000        0x0
                0x80020000                        __ospi_device_0_start__ = .
 *(.ospi_device_0*)
 *(.code_in_ospi_device_0*)
                0x80020000                        __ospi_device_0_end__ = .
                0x00000000                        __ospi_device_0_code_size__ = (__ospi_device_0_end__ - __ospi_device_0_start__)
                0x00000900                        __ospi_device_0_code_addr__ = (sgstubs_pre_location + SIZEOF (.qspi_non_retentive))

.ospi_device_0_non_retentive
                0x80020000        0x0 load address 0x00000900
                0x80020000                        __ospi_device_0_non_retentive_start__ = .
 *(.ospi_device_0_non_retentive*)
                0x80020000                        __ospi_device_0_non_retentive_end__ = .
                0x00000000                        __ospi_device_0_non_retentive_size__ = (__ospi_device_0_non_retentive_end__ - __ospi_device_0_non_retentive_start__)
                0x08000000                        __ospi_device_0_region_max_size__ = 0x8000000
                0x80020000                        __ospi_device_0_region_start_address__ = __ospi_device_0_start__
                0x88020000                        __ospi_device_0_region_end_address__ = (__ospi_device_0_start__ + __ospi_device_0_region_max_size__)
                0x80020000                        __tz_OSPI_DEVICE_0_N = __ospi_device_0_non_retentive_end__
                0x80030000                        __tz_OSPI_DEVICE_1_S = ORIGIN (OSPI_DEVICE_1)

.OSPI_DEVICE_1  0x80030000        0x0
                0x80030000                        __ospi_device_1_start__ = .
 *(.ospi_device_1*)
 *(.code_in_ospi_device_1*)
                0x80030000                        __ospi_device_1_end__ = .
                0x00000000                        __ospi_device_1_code_size__ = (__ospi_device_1_end__ - __ospi_device_1_start__)
                0x00000900                        __ospi_device_1_code_addr__ = (sgstubs_pre_location + (SIZEOF (.qspi_non_retentive) + SIZEOF (.ospi_device_0_non_retentive)))

.ospi_device_1_non_retentive
                0x80030000        0x0 load address 0x00000900
                0x80030000                        __ospi_device_1_non_retentive_start__ = .
 *(.ospi_device_1_non_retentive*)
                0x80030000                        __ospi_device_1_non_retentive_end__ = .
                0x00000000                        __ospi_device_1_non_retentive_size__ = (__ospi_device_1_non_retentive_end__ - __ospi_device_1_non_retentive_start__)
                0x10000000                        __ospi_device_1_region_max_size__ = 0x10000000
                0x80030000                        __ospi_device_1_region_start_address__ = __ospi_device_1_start__
                0x90030000                        __ospi_device_1_region_end_address__ = (__ospi_device_1_start__ + __ospi_device_1_region_max_size__)
                0x80030000                        __tz_OSPI_DEVICE_1_N = __ospi_device_1_non_retentive_end__

.noinit         0x20000008       0x18
                0x20000008                        . = ALIGN (0x4)
                0x20000008                        __noinit_start = .
 *(.noinit*)
 .noinit        0x20000008       0x18 ./ra/fsp/src/bsp/mcu/all/bsp_clocks.o
                0x20000020                        . = ALIGN (0x8)
 *(.heap.*)
                0x20000020                        __noinit_end = .

.bss            0x20000020       0x74
                0x20000020                        . = ALIGN (0x4)
                0x20000020                        __bss_start__ = .
 *(.bss*)
 .bss.completed.1
                0x20000020        0x1 D:/ruanjiananzhuangwenjian/Arm_GNU_Toolchain/13.2 Rel1/bin/../lib/gcc/arm-none-eabi/13.2.1/thumb/v8-m.main+fp/hard/crtbegin.o
 *fill*         0x20000021        0x3 
 .bss.object.0  0x20000024       0x18 D:/ruanjiananzhuangwenjian/Arm_GNU_Toolchain/13.2 Rel1/bin/../lib/gcc/arm-none-eabi/13.2.1/thumb/v8-m.main+fp/hard/crtbegin.o
 .bss.g_ioport_ctrl
                0x2000003c        0x8 ./ra_gen/common_data.o
                0x2000003c                g_ioport_ctrl
 .bss.g_bsp_group_irq_sources
                0x20000044       0x40 ./ra/fsp/src/bsp/mcu/all/bsp_group_irq.o
                0x20000044                g_bsp_group_irq_sources
 .bss.g_protect_pfswe_counter
                0x20000084        0x4 ./ra/fsp/src/bsp/mcu/all/bsp_io.o
                0x20000084                g_protect_pfswe_counter
 .bss.g_protect_counters
                0x20000088        0x8 ./ra/fsp/src/bsp/mcu/all/bsp_register_protection.o
                0x20000088                g_protect_counters
 .bss.SystemCoreClock
                0x20000090        0x4 ./ra/fsp/src/bsp/cmsis/Device/RENESAS/Source/system.o
                0x20000090                SystemCoreClock
 *(COMMON)
                0x20000094                        . = ALIGN (0x4)
                0x20000094                        __bss_end__ = .

.heap           0x20000094        0x4
                0x20000098                        . = ALIGN (0x8)
 *fill*         0x20000094        0x4 
                0x20000098                        __HeapBase = .
 *(.heap)
                0x20000098                        __HeapLimit = .

.stack_dummy    0x20000098      0x400
                0x20000098                        . = ALIGN (0x8)
                0x20000098                        __StackLimit = .
 *(.stack)
 .stack         0x20000098      0x400 ./ra/fsp/src/bsp/cmsis/Device/RENESAS/Source/startup.o
                0x20000498                        __StackTop = .
 *(.stack*)
                0x20000498                        __StackTopAll = .
                0x20000498                        PROVIDE (__stack = __StackTopAll)
                0x20000498                        __RAM_segment_used_end__ = ALIGN (__StackTopAll, 0x4)
                0x20000800                        __tz_RAM_C = DEFINED (RAM_NSC_START)?ABSOLUTE ((RAM_NSC_START - RAM_NS_BUFFER_BLOCK_LENGTH)):__RESERVE_NS_RAM?ABSOLUTE (RAM_NS_BUFFER_BLOCK_START):ALIGN (__RAM_segment_used_end__, 0x400)
                0x20002000                        __tz_RAM_N = DEFINED (RAM_NS_START)?ABSOLUTE ((RAM_NS_START - RAM_NS_BUFFER_BLOCK_LENGTH)):__RESERVE_NS_RAM?ABSOLUTE (RAM_NS_BUFFER_BLOCK_START):ALIGN (__tz_RAM_C, 0x2000)

.ns_buffer      0x20000498        0x0
                0x20000498                        . = __RESERVE_NS_RAM?ABSOLUTE ((RAM_NS_BUFFER_START & 0xffffffe0)):.
 *(.ns_buffer*)

.data_flash     0x08000000        0x0
                0x08000000                        . = ORIGIN (DATA_FLASH)
                0x08000000                        __tz_DATA_FLASH_S = .
                0x08000000                        __Data_Flash_Start = .
 *(.data_flash*)
                0x08000000                        __Data_Flash_End = .
                0x08000000                        __tz_DATA_FLASH_N = DEFINED (DATA_FLASH_NS_START)?ABSOLUTE (DATA_FLASH_NS_START):__RESERVE_NS_RAM?ABSOLUTE ((DATA_FLASH_START + DATA_FLASH_LENGTH)):ALIGN (0x400)
                0x80010000                        __tz_SDRAM_S = ORIGIN (SDRAM)

.sdram          0x80010000        0x0
                0x80010000                        __SDRAM_Start = .
 *(.sdram*)
 *(.frame*)
                0x80010000                        __SDRAM_End = .
                0x80010000                        __tz_SDRAM_N = __SDRAM_End
                0x0100a120                        __tz_ID_CODE_S = ORIGIN (ID_CODE)
                0x0100a120                        __tz_ID_CODE_N = __tz_ID_CODE_S

.id_code        0x0100a120       0x10
                0x0100a120                        __ID_Code_Start = .
 *(.id_code*)
 .id_code       0x0100a120       0x10 ./ra/fsp/src/bsp/mcu/all/bsp_rom_registers.o
                0x0100a130                        __ID_Code_End = .
                0x0100a100                        __tz_OPTION_SETTING_S = ORIGIN (OPTION_SETTING_OFS)

.option_setting_ofs
                0x0100a100       0x10
                0x0100a100                        __OPTION_SETTING_OFS_Start = .
 *(.option_setting_ofs0)
 .option_setting_ofs0
                0x0100a100        0x4 ./ra/fsp/src/bsp/mcu/all/bsp_rom_registers.o
                0x0100a104                        . = PROJECT_SECURE_OR_FLAT?(__OPTION_SETTING_OFS_Start + 0x4):__OPTION_SETTING_OFS_Start
 *(.option_setting_ofs2)
                0x0100a110                        . = PROJECT_SECURE_OR_FLAT?(__OPTION_SETTING_OFS_Start + 0x10):__OPTION_SETTING_OFS_Start
 *fill*         0x0100a104        0xc ff
 *(.option_setting_dualsel)
                0x0100a110                        __OPTION_SETTING_OFS_End = .

.option_setting_sas
                0x0100a134        0x4
                0x0100a134                        __OPTION_SETTING_SAS_Start = .
 *(.option_setting_sas)
 .option_setting_sas
                0x0100a134        0x4 ./ra/fsp/src/bsp/mcu/all/bsp_rom_registers.o
                0x0100a138                        __OPTION_SETTING_SAS_End = .
                0x0100a180                        __tz_OPTION_SETTING_N = ABSOLUTE (OPTION_SETTING_START_NS)

.option_setting_ns
                0x0100a100        0x0
                0x0100a100                        __OPTION_SETTING_NS_Start = .
 *(.option_setting_ofs1)
                0x0100a100                        . = USE_OPTION_SETTING_NS?(__OPTION_SETTING_NS_Start + 0x4):__OPTION_SETTING_NS_Start
 *(.option_setting_ofs3)
                0x0100a100                        . = USE_OPTION_SETTING_NS?(__OPTION_SETTING_NS_Start + 0x10):__OPTION_SETTING_NS_Start
 *(.option_setting_banksel)
                0x0100a100                        . = USE_OPTION_SETTING_NS?(__OPTION_SETTING_NS_Start + 0x40):__OPTION_SETTING_NS_Start
 *(.option_setting_bps0)
                0x0100a100                        . = USE_OPTION_SETTING_NS?(__OPTION_SETTING_NS_Start + 0x44):__OPTION_SETTING_NS_Start
 *(.option_setting_bps1)
                0x0100a100                        . = USE_OPTION_SETTING_NS?(__OPTION_SETTING_NS_Start + 0x48):__OPTION_SETTING_NS_Start
 *(.option_setting_bps2)
                0x0100a100                        . = USE_OPTION_SETTING_NS?(__OPTION_SETTING_NS_Start + 0x4c):__OPTION_SETTING_NS_Start
 *(.option_setting_bps3)
                0x0100a100                        . = USE_OPTION_SETTING_NS?(__OPTION_SETTING_NS_Start + 0x60):__OPTION_SETTING_NS_Start
 *(.option_setting_pbps0)
                0x0100a100                        . = USE_OPTION_SETTING_NS?(__OPTION_SETTING_NS_Start + 0x64):__OPTION_SETTING_NS_Start
 *(.option_setting_pbps1)
                0x0100a100                        . = USE_OPTION_SETTING_NS?(__OPTION_SETTING_NS_Start + 0x68):__OPTION_SETTING_NS_Start
 *(.option_setting_pbps2)
                0x0100a100                        . = USE_OPTION_SETTING_NS?(__OPTION_SETTING_NS_Start + 0x6c):__OPTION_SETTING_NS_Start
 *(.option_setting_pbps3)
                0x0100a100                        __OPTION_SETTING_NS_End = .
                0x0100a200                        __tz_OPTION_SETTING_S_S = ORIGIN (OPTION_SETTING_S)

.option_setting_s
                0x0100a200       0xcc
                0x0100a200                        __OPTION_SETTING_S_Start = .
 *(.option_setting_ofs1_sec)
 .option_setting_ofs1_sec
                0x0100a200        0x4 ./ra/fsp/src/bsp/mcu/all/bsp_rom_registers.o
                0x0100a204                        . = PROJECT_SECURE_OR_FLAT?(__OPTION_SETTING_S_Start + 0x4):__OPTION_SETTING_S_Start
 *(.option_setting_ofs3_sec)
                0x0100a210                        . = PROJECT_SECURE_OR_FLAT?(__OPTION_SETTING_S_Start + 0x10):__OPTION_SETTING_S_Start
 *fill*         0x0100a204        0xc ff
 *(.option_setting_banksel_sec)
                0x0100a240                        . = PROJECT_SECURE_OR_FLAT?(__OPTION_SETTING_S_Start + 0x40):__OPTION_SETTING_S_Start
 *fill*         0x0100a210       0x30 ff
 *(.option_setting_bps_sec0)
 .option_setting_bps_sec0
                0x0100a240        0x4 ./ra/fsp/src/bsp/mcu/all/bsp_rom_registers.o
                0x0100a244                        . = PROJECT_SECURE_OR_FLAT?(__OPTION_SETTING_S_Start + 0x44):__OPTION_SETTING_S_Start
 *(.option_setting_bps_sec1)
                0x0100a248                        . = PROJECT_SECURE_OR_FLAT?(__OPTION_SETTING_S_Start + 0x48):__OPTION_SETTING_S_Start
 *fill*         0x0100a244        0x4 ff
 *(.option_setting_bps_sec2)
                0x0100a24c                        . = PROJECT_SECURE_OR_FLAT?(__OPTION_SETTING_S_Start + 0x4c):__OPTION_SETTING_S_Start
 *fill*         0x0100a248        0x4 ff
 *(.option_setting_bps_sec3)
                0x0100a260                        . = PROJECT_SECURE_OR_FLAT?(__OPTION_SETTING_S_Start + 0x60):__OPTION_SETTING_S_Start
 *fill*         0x0100a24c       0x14 ff
 *(.option_setting_pbps_sec0)
 .option_setting_pbps_sec0
                0x0100a260        0x4 ./ra/fsp/src/bsp/mcu/all/bsp_rom_registers.o
                0x0100a264                        . = PROJECT_SECURE_OR_FLAT?(__OPTION_SETTING_S_Start + 0x64):__OPTION_SETTING_S_Start
 *(.option_setting_pbps_sec1)
                0x0100a268                        . = PROJECT_SECURE_OR_FLAT?(__OPTION_SETTING_S_Start + 0x68):__OPTION_SETTING_S_Start
 *fill*         0x0100a264        0x4 ff
 *(.option_setting_pbps_sec2)
                0x0100a26c                        . = PROJECT_SECURE_OR_FLAT?(__OPTION_SETTING_S_Start + 0x6c):__OPTION_SETTING_S_Start
 *fill*         0x0100a268        0x4 ff
 *(.option_setting_pbps_sec3)
                0x0100a280                        . = PROJECT_SECURE_OR_FLAT?(__OPTION_SETTING_S_Start + 0x80):__OPTION_SETTING_S_Start
 *fill*         0x0100a26c       0x14 ff
 *(.option_setting_ofs1_sel)
                0x0100a284                        . = PROJECT_SECURE_OR_FLAT?(__OPTION_SETTING_S_Start + 0x84):__OPTION_SETTING_S_Start
 *fill*         0x0100a280        0x4 ff
 *(.option_setting_ofs3_sel)
                0x0100a290                        . = PROJECT_SECURE_OR_FLAT?(__OPTION_SETTING_S_Start + 0x90):__OPTION_SETTING_S_Start
 *fill*         0x0100a284        0xc ff
 *(.option_setting_banksel_sel)
                0x0100a2c0                        . = PROJECT_SECURE_OR_FLAT?(__OPTION_SETTING_S_Start + 0xc0):__OPTION_SETTING_S_Start
 *fill*         0x0100a290       0x30 ff
 *(.option_setting_bps_sel0)
                0x0100a2c4                        . = PROJECT_SECURE_OR_FLAT?(__OPTION_SETTING_S_Start + 0xc4):__OPTION_SETTING_S_Start
 *fill*         0x0100a2c0        0x4 ff
 *(.option_setting_bps_sel1)
                0x0100a2c8                        . = PROJECT_SECURE_OR_FLAT?(__OPTION_SETTING_S_Start + 0xc8):__OPTION_SETTING_S_Start
 *fill*         0x0100a2c4        0x4 ff
 *(.option_setting_bps_sel2)
                0x0100a2cc                        . = PROJECT_SECURE_OR_FLAT?(__OPTION_SETTING_S_Start + 0xcc):__OPTION_SETTING_S_Start
 *fill*         0x0100a2c8        0x4 ff
 *(.option_setting_bps_sel3)
                0x0100a2cc                        __OPTION_SETTING_S_End = .
                0x0100a2cc                        __tz_OPTION_SETTING_S_N = __OPTION_SETTING_S_End
OUTPUT(keyboard.elf elf32-littlearm)
LOAD linker stubs

.rel.dyn        0x0100a2cc        0x0
 .rel.iplt      0x0100a2cc        0x0 D:/ruanjiananzhuangwenjian/Arm_GNU_Toolchain/13.2 Rel1/bin/../lib/gcc/arm-none-eabi/13.2.1/thumb/v8-m.main+fp/hard/crtbegin.o

.ARM.attributes
                0x00000000       0x36
 .ARM.attributes
                0x00000000       0x26 D:/ruanjiananzhuangwenjian/Arm_GNU_Toolchain/13.2 Rel1/bin/../lib/gcc/arm-none-eabi/13.2.1/thumb/v8-m.main+fp/hard/crti.o
 .ARM.attributes
                0x00000026       0x38 D:/ruanjiananzhuangwenjian/Arm_GNU_Toolchain/13.2 Rel1/bin/../lib/gcc/arm-none-eabi/13.2.1/thumb/v8-m.main+fp/hard/crtbegin.o
 .ARM.attributes
                0x0000005e       0x3a ./src/App/App.o
 .ARM.attributes
                0x00000098       0x3a ./src/hal_entry.o
 .ARM.attributes
                0x000000d2       0x3a ./ra_gen/common_data.o
 .ARM.attributes
                0x0000010c       0x3a ./ra_gen/main.o
 .ARM.attributes
                0x00000146       0x3a ./ra_gen/pin_data.o
 .ARM.attributes
                0x00000180       0x3a ./ra/fsp/src/r_ioport/r_ioport.o
 .ARM.attributes
                0x000001ba       0x3a ./ra/fsp/src/bsp/mcu/all/bsp_clocks.o
 .ARM.attributes
                0x000001f4       0x3a ./ra/fsp/src/bsp/mcu/all/bsp_common.o
 .ARM.attributes
                0x0000022e       0x3a ./ra/fsp/src/bsp/mcu/all/bsp_delay.o
 .ARM.attributes
                0x00000268       0x3a ./ra/fsp/src/bsp/mcu/all/bsp_group_irq.o
 .ARM.attributes
                0x000002a2       0x3a ./ra/fsp/src/bsp/mcu/all/bsp_io.o
 .ARM.attributes
                0x000002dc       0x3a ./ra/fsp/src/bsp/mcu/all/bsp_irq.o
 .ARM.attributes
                0x00000316       0x3a ./ra/fsp/src/bsp/mcu/all/bsp_register_protection.o
 .ARM.attributes
                0x00000350       0x3a ./ra/fsp/src/bsp/mcu/all/bsp_rom_registers.o
 .ARM.attributes
                0x0000038a       0x3a ./ra/fsp/src/bsp/cmsis/Device/RENESAS/Source/startup.o
 .ARM.attributes
                0x000003c4       0x3a ./ra/fsp/src/bsp/cmsis/Device/RENESAS/Source/system.o
 .ARM.attributes
                0x000003fe       0x38 D:/ruanjiananzhuangwenjian/Arm_GNU_Toolchain/13.2 Rel1/bin/../lib/gcc/arm-none-eabi/13.2.1/thumb/v8-m.main+fp/hard\libg_nano.a(libc_a-memset.o)
 .ARM.attributes
                0x00000436       0x38 D:/ruanjiananzhuangwenjian/Arm_GNU_Toolchain/13.2 Rel1/bin/../lib/gcc/arm-none-eabi/13.2.1/thumb/v8-m.main+fp/hard\libg_nano.a(libc_a-memcpy-stub.o)
 .ARM.attributes
                0x0000046e       0x38 D:/ruanjiananzhuangwenjian/Arm_GNU_Toolchain/13.2 Rel1/bin/../lib/gcc/arm-none-eabi/13.2.1/thumb/v8-m.main+fp/hard/crtend.o
 .ARM.attributes
                0x000004a6       0x26 D:/ruanjiananzhuangwenjian/Arm_GNU_Toolchain/13.2 Rel1/bin/../lib/gcc/arm-none-eabi/13.2.1/thumb/v8-m.main+fp/hard/crtn.o

.comment        0x00000000       0x44
 .comment       0x00000000       0x44 ./src/App/App.o
                                 0x45 (size before relaxing)
 .comment       0x00000044       0x45 ./src/hal_entry.o
 .comment       0x00000044       0x45 ./ra_gen/common_data.o
 .comment       0x00000044       0x45 ./ra_gen/main.o
 .comment       0x00000044       0x45 ./ra_gen/pin_data.o
 .comment       0x00000044       0x45 ./ra/fsp/src/r_ioport/r_ioport.o
 .comment       0x00000044       0x45 ./ra/fsp/src/bsp/mcu/all/bsp_clocks.o
 .comment       0x00000044       0x45 ./ra/fsp/src/bsp/mcu/all/bsp_common.o
 .comment       0x00000044       0x45 ./ra/fsp/src/bsp/mcu/all/bsp_delay.o
 .comment       0x00000044       0x45 ./ra/fsp/src/bsp/mcu/all/bsp_group_irq.o
 .comment       0x00000044       0x45 ./ra/fsp/src/bsp/mcu/all/bsp_io.o
 .comment       0x00000044       0x45 ./ra/fsp/src/bsp/mcu/all/bsp_irq.o
 .comment       0x00000044       0x45 ./ra/fsp/src/bsp/mcu/all/bsp_register_protection.o
 .comment       0x00000044       0x45 ./ra/fsp/src/bsp/mcu/all/bsp_rom_registers.o
 .comment       0x00000044       0x45 ./ra/fsp/src/bsp/cmsis/Device/RENESAS/Source/startup.o
 .comment       0x00000044       0x45 ./ra/fsp/src/bsp/cmsis/Device/RENESAS/Source/system.o

.debug_info     0x00000000    0x15c37
 .debug_info    0x00000000      0xfa9 ./src/App/App.o
 .debug_info    0x00000fa9      0xfea ./src/hal_entry.o
 .debug_info    0x00001f93     0x1226 ./ra_gen/common_data.o
 .debug_info    0x000031b9       0xaa ./ra_gen/main.o
 .debug_info    0x00003263      0xa28 ./ra_gen/pin_data.o
 .debug_info    0x00003c8b     0x40ad ./ra/fsp/src/r_ioport/r_ioport.o
 .debug_info    0x00007d38     0x574f ./ra/fsp/src/bsp/mcu/all/bsp_clocks.o
 .debug_info    0x0000d487      0x93b ./ra/fsp/src/bsp/mcu/all/bsp_common.o
 .debug_info    0x0000ddc2      0x1e2 ./ra/fsp/src/bsp/mcu/all/bsp_delay.o
 .debug_info    0x0000dfa4     0x132f ./ra/fsp/src/bsp/mcu/all/bsp_group_irq.o
 .debug_info    0x0000f2d3       0xb2 ./ra/fsp/src/bsp/mcu/all/bsp_io.o
 .debug_info    0x0000f385     0x1d1c ./ra/fsp/src/bsp/mcu/all/bsp_irq.o
 .debug_info    0x000110a1     0x390c ./ra/fsp/src/bsp/mcu/all/bsp_register_protection.o
 .debug_info    0x000149ad      0x112 ./ra/fsp/src/bsp/mcu/all/bsp_rom_registers.o
 .debug_info    0x00014abf      0x168 ./ra/fsp/src/bsp/cmsis/Device/RENESAS/Source/startup.o
 .debug_info    0x00014c27     0x1010 ./ra/fsp/src/bsp/cmsis/Device/RENESAS/Source/system.o

.debug_abbrev   0x00000000     0x1c93
 .debug_abbrev  0x00000000      0x151 ./src/App/App.o
 .debug_abbrev  0x00000151      0x17f ./src/hal_entry.o
 .debug_abbrev  0x000002d0      0x133 ./ra_gen/common_data.o
 .debug_abbrev  0x00000403       0x61 ./ra_gen/main.o
 .debug_abbrev  0x00000464       0xff ./ra_gen/pin_data.o
 .debug_abbrev  0x00000563      0x48f ./ra/fsp/src/r_ioport/r_ioport.o
 .debug_abbrev  0x000009f2      0x414 ./ra/fsp/src/bsp/mcu/all/bsp_clocks.o
 .debug_abbrev  0x00000e06      0x188 ./ra/fsp/src/bsp/mcu/all/bsp_common.o
 .debug_abbrev  0x00000f8e      0x113 ./ra/fsp/src/bsp/mcu/all/bsp_delay.o
 .debug_abbrev  0x000010a1      0x256 ./ra/fsp/src/bsp/mcu/all/bsp_group_irq.o
 .debug_abbrev  0x000012f7       0x5e ./ra/fsp/src/bsp/mcu/all/bsp_io.o
 .debug_abbrev  0x00001355      0x28a ./ra/fsp/src/bsp/mcu/all/bsp_irq.o
 .debug_abbrev  0x000015df      0x27d ./ra/fsp/src/bsp/mcu/all/bsp_register_protection.o
 .debug_abbrev  0x0000185c       0x60 ./ra/fsp/src/bsp/mcu/all/bsp_rom_registers.o
 .debug_abbrev  0x000018bc       0xf5 ./ra/fsp/src/bsp/cmsis/Device/RENESAS/Source/startup.o
 .debug_abbrev  0x000019b1      0x2e2 ./ra/fsp/src/bsp/cmsis/Device/RENESAS/Source/system.o

.debug_aranges  0x00000000      0x2e8
 .debug_aranges
                0x00000000       0x20 ./src/App/App.o
 .debug_aranges
                0x00000020       0x28 ./src/hal_entry.o
 .debug_aranges
                0x00000048       0x20 ./ra_gen/common_data.o
 .debug_aranges
                0x00000068       0x20 ./ra_gen/main.o
 .debug_aranges
                0x00000088       0x18 ./ra_gen/pin_data.o
 .debug_aranges
                0x000000a0       0x90 ./ra/fsp/src/r_ioport/r_ioport.o
 .debug_aranges
                0x00000130       0x70 ./ra/fsp/src/bsp/mcu/all/bsp_clocks.o
 .debug_aranges
                0x000001a0       0x30 ./ra/fsp/src/bsp/mcu/all/bsp_common.o
 .debug_aranges
                0x000001d0       0x28 ./ra/fsp/src/bsp/mcu/all/bsp_delay.o
 .debug_aranges
                0x000001f8       0x28 ./ra/fsp/src/bsp/mcu/all/bsp_group_irq.o
 .debug_aranges
                0x00000220       0x18 ./ra/fsp/src/bsp/mcu/all/bsp_io.o
 .debug_aranges
                0x00000238       0x20 ./ra/fsp/src/bsp/mcu/all/bsp_irq.o
 .debug_aranges
                0x00000258       0x28 ./ra/fsp/src/bsp/mcu/all/bsp_register_protection.o
 .debug_aranges
                0x00000280       0x18 ./ra/fsp/src/bsp/mcu/all/bsp_rom_registers.o
 .debug_aranges
                0x00000298       0x28 ./ra/fsp/src/bsp/cmsis/Device/RENESAS/Source/startup.o
 .debug_aranges
                0x000002c0       0x28 ./ra/fsp/src/bsp/cmsis/Device/RENESAS/Source/system.o

.debug_rnglists
                0x00000000      0x306
 .debug_rnglists
                0x00000000       0x13 ./src/App/App.o
 .debug_rnglists
                0x00000013       0x19 ./src/hal_entry.o
 .debug_rnglists
                0x0000002c       0x13 ./ra_gen/common_data.o
 .debug_rnglists
                0x0000003f       0x13 ./ra_gen/main.o
 .debug_rnglists
                0x00000052       0xbb ./ra/fsp/src/r_ioport/r_ioport.o
 .debug_rnglists
                0x0000010d       0xc4 ./ra/fsp/src/bsp/mcu/all/bsp_clocks.o
 .debug_rnglists
                0x000001d1       0x1f ./ra/fsp/src/bsp/mcu/all/bsp_common.o
 .debug_rnglists
                0x000001f0       0x2e ./ra/fsp/src/bsp/mcu/all/bsp_delay.o
 .debug_rnglists
                0x0000021e       0x37 ./ra/fsp/src/bsp/mcu/all/bsp_group_irq.o
 .debug_rnglists
                0x00000255       0x41 ./ra/fsp/src/bsp/mcu/all/bsp_irq.o
 .debug_rnglists
                0x00000296       0x31 ./ra/fsp/src/bsp/mcu/all/bsp_register_protection.o
 .debug_rnglists
                0x000002c7       0x19 ./ra/fsp/src/bsp/cmsis/Device/RENESAS/Source/startup.o
 .debug_rnglists
                0x000002e0       0x26 ./ra/fsp/src/bsp/cmsis/Device/RENESAS/Source/system.o

.debug_line     0x00000000     0x368e
 .debug_line    0x00000000      0x272 ./src/App/App.o
 .debug_line    0x00000272      0x2da ./src/hal_entry.o
 .debug_line    0x0000054c      0x25f ./ra_gen/common_data.o
 .debug_line    0x000007ab       0x5e ./ra_gen/main.o
 .debug_line    0x00000809      0x1db ./ra_gen/pin_data.o
 .debug_line    0x000009e4      0xa68 ./ra/fsp/src/r_ioport/r_ioport.o
 .debug_line    0x0000144c      0x8b2 ./ra/fsp/src/bsp/mcu/all/bsp_clocks.o
 .debug_line    0x00001cfe      0x260 ./ra/fsp/src/bsp/mcu/all/bsp_common.o
 .debug_line    0x00001f5e      0x27b ./ra/fsp/src/bsp/mcu/all/bsp_delay.o
 .debug_line    0x000021d9      0x2d5 ./ra/fsp/src/bsp/mcu/all/bsp_group_irq.o
 .debug_line    0x000024ae      0x155 ./ra/fsp/src/bsp/mcu/all/bsp_io.o
 .debug_line    0x00002603      0x4bb ./ra/fsp/src/bsp/mcu/all/bsp_irq.o
 .debug_line    0x00002abe      0x38b ./ra/fsp/src/bsp/mcu/all/bsp_register_protection.o
 .debug_line    0x00002e49      0x115 ./ra/fsp/src/bsp/mcu/all/bsp_rom_registers.o
 .debug_line    0x00002f5e      0x1c1 ./ra/fsp/src/bsp/cmsis/Device/RENESAS/Source/startup.o
 .debug_line    0x0000311f      0x56f ./ra/fsp/src/bsp/cmsis/Device/RENESAS/Source/system.o

.debug_str      0x00000000     0x8b81
 .debug_str     0x00000000     0x8b81 ./src/App/App.o
                               0x3106 (size before relaxing)
 .debug_str     0x00008b81     0x316d ./src/hal_entry.o
 .debug_str     0x00008b81     0x3332 ./ra_gen/common_data.o
 .debug_str     0x00008b81      0x1d4 ./ra_gen/main.o
 .debug_str     0x00008b81     0x1d93 ./ra_gen/pin_data.o
 .debug_str     0x00008b81     0x44b8 ./ra/fsp/src/r_ioport/r_ioport.o
 .debug_str     0x00008b81     0x26de ./ra/fsp/src/bsp/mcu/all/bsp_clocks.o
 .debug_str     0x00008b81     0x1c27 ./ra/fsp/src/bsp/mcu/all/bsp_common.o
 .debug_str     0x00008b81      0x303 ./ra/fsp/src/bsp/mcu/all/bsp_delay.o
 .debug_str     0x00008b81     0x218e ./ra/fsp/src/bsp/mcu/all/bsp_group_irq.o
 .debug_str     0x00008b81      0x203 ./ra/fsp/src/bsp/mcu/all/bsp_io.o
 .debug_str     0x00008b81     0x1de8 ./ra/fsp/src/bsp/mcu/all/bsp_irq.o
 .debug_str     0x00008b81     0x1b66 ./ra/fsp/src/bsp/mcu/all/bsp_register_protection.o
 .debug_str     0x00008b81      0x250 ./ra/fsp/src/bsp/mcu/all/bsp_rom_registers.o
 .debug_str     0x00008b81      0x26b ./ra/fsp/src/bsp/cmsis/Device/RENESAS/Source/startup.o
 .debug_str     0x00008b81      0x975 ./ra/fsp/src/bsp/cmsis/Device/RENESAS/Source/system.o

.debug_frame    0x00000000      0x514
 .debug_frame   0x00000000       0x28 ./src/App/App.o
 .debug_frame   0x00000028       0x30 ./src/hal_entry.o
 .debug_frame   0x00000058       0x20 ./ra_gen/common_data.o
 .debug_frame   0x00000078       0x28 ./ra_gen/main.o
 .debug_frame   0x000000a0      0x178 ./ra/fsp/src/r_ioport/r_ioport.o
 .debug_frame   0x00000218       0xfc ./ra/fsp/src/bsp/mcu/all/bsp_clocks.o
 .debug_frame   0x00000314       0x40 ./ra/fsp/src/bsp/mcu/all/bsp_common.o
 .debug_frame   0x00000354       0x48 ./ra/fsp/src/bsp/mcu/all/bsp_delay.o
 .debug_frame   0x0000039c       0x3c ./ra/fsp/src/bsp/mcu/all/bsp_group_irq.o
 .debug_frame   0x000003d8       0x30 ./ra/fsp/src/bsp/mcu/all/bsp_irq.o
 .debug_frame   0x00000408       0x48 ./ra/fsp/src/bsp/mcu/all/bsp_register_protection.o
 .debug_frame   0x00000450       0x38 ./ra/fsp/src/bsp/cmsis/Device/RENESAS/Source/startup.o
 .debug_frame   0x00000488       0x44 ./ra/fsp/src/bsp/cmsis/Device/RENESAS/Source/system.o
 .debug_frame   0x000004cc       0x20 D:/ruanjiananzhuangwenjian/Arm_GNU_Toolchain/13.2 Rel1/bin/../lib/gcc/arm-none-eabi/13.2.1/thumb/v8-m.main+fp/hard\libg_nano.a(libc_a-memset.o)
 .debug_frame   0x000004ec       0x28 D:/ruanjiananzhuangwenjian/Arm_GNU_Toolchain/13.2 Rel1/bin/../lib/gcc/arm-none-eabi/13.2.1/thumb/v8-m.main+fp/hard\libg_nano.a(libc_a-memcpy-stub.o)

.debug_loclists
                0x00000000      0xda3
 .debug_loclists
                0x00000000       0x29 ./src/hal_entry.o
 .debug_loclists
                0x00000029      0x7a2 ./ra/fsp/src/r_ioport/r_ioport.o
 .debug_loclists
                0x000007cb      0x24c ./ra/fsp/src/bsp/mcu/all/bsp_clocks.o
 .debug_loclists
                0x00000a17       0x20 ./ra/fsp/src/bsp/mcu/all/bsp_common.o
 .debug_loclists
                0x00000a37      0x11c ./ra/fsp/src/bsp/mcu/all/bsp_delay.o
 .debug_loclists
                0x00000b53       0x73 ./ra/fsp/src/bsp/mcu/all/bsp_group_irq.o
 .debug_loclists
                0x00000bc6       0xad ./ra/fsp/src/bsp/mcu/all/bsp_irq.o
 .debug_loclists
                0x00000c73       0xa7 ./ra/fsp/src/bsp/mcu/all/bsp_register_protection.o
 .debug_loclists
                0x00000d1a       0x89 ./ra/fsp/src/bsp/cmsis/Device/RENESAS/Source/system.o
